Archive member included because of file (symbol)

c:/winavr-20100110/bin/../lib/gcc/avr/4.3.3/avr5\libgcc.a(_exit.o)
                              c:/winavr-20100110/bin/../lib/gcc/avr/4.3.3/../../../../avr/lib/avr5/crtm16.o (exit)
c:/winavr-20100110/bin/../lib/gcc/avr/4.3.3/avr5\libgcc.a(_clear_bss.o)
                              KEY_PAD.o (__do_clear_bss)

Memory Configuration

Name             Origin             Length             Attributes
text             0x00000000         0x00020000         xr
data             0x00800060         0x0000ffa0         rw !x
eeprom           0x00810000         0x00010000         rw !x
fuse             0x00820000         0x00000400         rw !x
lock             0x00830000         0x00000400         rw !x
signature        0x00840000         0x00000400         rw !x
*default*        0x00000000         0xffffffff

Linker script and memory map

LOAD c:/winavr-20100110/bin/../lib/gcc/avr/4.3.3/../../../../avr/lib/avr5/crtm16.o
LOAD compare.o
LOAD KEY_PAD.o
LOAD MAIN.o
LOAD PEREFERALS_INIT.o
LOAD SPI.o
LOAD TWI.o
LOAD UART.o
LOAD c:/winavr-20100110/bin/../lib/gcc/avr/4.3.3/avr5\libgcc.a
LOAD c:/winavr-20100110/bin/../lib/gcc/avr/4.3.3/../../../../avr/lib/avr5\libc.a
LOAD c:/winavr-20100110/bin/../lib/gcc/avr/4.3.3/avr5\libgcc.a

.hash
 *(.hash)

.dynsym
 *(.dynsym)

.dynstr
 *(.dynstr)

.gnu.version
 *(.gnu.version)

.gnu.version_d
 *(.gnu.version_d)

.gnu.version_r
 *(.gnu.version_r)

.rel.init
 *(.rel.init)

.rela.init
 *(.rela.init)

.rel.text
 *(.rel.text)
 *(.rel.text.*)
 *(.rel.gnu.linkonce.t*)

.rela.text
 *(.rela.text)
 *(.rela.text.*)
 *(.rela.gnu.linkonce.t*)

.rel.fini
 *(.rel.fini)

.rela.fini
 *(.rela.fini)

.rel.rodata
 *(.rel.rodata)
 *(.rel.rodata.*)
 *(.rel.gnu.linkonce.r*)

.rela.rodata
 *(.rela.rodata)
 *(.rela.rodata.*)
 *(.rela.gnu.linkonce.r*)

.rel.data
 *(.rel.data)
 *(.rel.data.*)
 *(.rel.gnu.linkonce.d*)

.rela.data
 *(.rela.data)
 *(.rela.data.*)
 *(.rela.gnu.linkonce.d*)

.rel.ctors
 *(.rel.ctors)

.rela.ctors
 *(.rela.ctors)

.rel.dtors
 *(.rel.dtors)

.rela.dtors
 *(.rela.dtors)

.rel.got
 *(.rel.got)

.rela.got
 *(.rela.got)

.rel.bss
 *(.rel.bss)

.rela.bss
 *(.rela.bss)

.rel.plt
 *(.rel.plt)

.rela.plt
 *(.rela.plt)

.text           0x00000000      0x754
 *(.vectors)
 .vectors       0x00000000       0x54 c:/winavr-20100110/bin/../lib/gcc/avr/4.3.3/../../../../avr/lib/avr5/crtm16.o
                0x00000000                __vectors
                0x00000000                __vector_default
 *(.vectors)
 *(.progmem.gcc*)
 *(.progmem*)
                0x00000054                . = ALIGN (0x2)
                0x00000054                __trampolines_start = .
 *(.trampolines)
 .trampolines   0x00000054        0x0 linker stubs
 *(.trampolines*)
                0x00000054                __trampolines_end = .
 *(.jumptables)
 *(.jumptables*)
 *(.lowtext)
 *(.lowtext*)
                0x00000054                __ctors_start = .
 *(.ctors)
                0x00000054                __ctors_end = .
                0x00000054                __dtors_start = .
 *(.dtors)
                0x00000054                __dtors_end = .
 SORT(*)(.ctors)
 SORT(*)(.dtors)
 *(.init0)
 .init0         0x00000054        0x0 c:/winavr-20100110/bin/../lib/gcc/avr/4.3.3/../../../../avr/lib/avr5/crtm16.o
                0x00000054                __init
 *(.init0)
 *(.init1)
 *(.init1)
 *(.init2)
 .init2         0x00000054        0xc c:/winavr-20100110/bin/../lib/gcc/avr/4.3.3/../../../../avr/lib/avr5/crtm16.o
 *(.init2)
 *(.init3)
 *(.init3)
 *(.init4)
 .init4         0x00000060       0x10 c:/winavr-20100110/bin/../lib/gcc/avr/4.3.3/avr5\libgcc.a(_clear_bss.o)
                0x00000060                __do_clear_bss
 *(.init4)
 *(.init5)
 *(.init5)
 *(.init6)
 *(.init6)
 *(.init7)
 *(.init7)
 *(.init8)
 *(.init8)
 *(.init9)
 .init9         0x00000070        0x8 c:/winavr-20100110/bin/../lib/gcc/avr/4.3.3/../../../../avr/lib/avr5/crtm16.o
 *(.init9)
 *(.text)
 .text          0x00000078        0x4 c:/winavr-20100110/bin/../lib/gcc/avr/4.3.3/../../../../avr/lib/avr5/crtm16.o
                0x00000078                __vector_1
                0x00000078                __vector_12
                0x00000078                __bad_interrupt
                0x00000078                __vector_6
                0x00000078                __vector_3
                0x00000078                __vector_11
                0x00000078                __vector_13
                0x00000078                __vector_17
                0x00000078                __vector_19
                0x00000078                __vector_7
                0x00000078                __vector_5
                0x00000078                __vector_4
                0x00000078                __vector_9
                0x00000078                __vector_2
                0x00000078                __vector_15
                0x00000078                __vector_8
                0x00000078                __vector_14
                0x00000078                __vector_10
                0x00000078                __vector_16
                0x00000078                __vector_18
                0x00000078                __vector_20
 .text          0x0000007c      0x402 compare.o
                0x0000007c                compare
 .text          0x0000047e      0x11a KEY_PAD.o
                0x0000047e                KEY_PAD_GET_KEY
 .text          0x00000598      0x11a MAIN.o
                0x00000598                main
 .text          0x000006b2       0x38 PEREFERALS_INIT.o
                0x000006b2                PORTS_INIT
 .text          0x000006ea        0x8 SPI.o
                0x000006ea                SPI_MASTER_SEND
 .text          0x000006f2       0x3a TWI.o
                0x000006f2                TWI_SEND_START
                0x0000070c                TWI_READ
                0x0000071a                TWI_SEND_STOP
                0x000006fe                TWI_WRITE
                0x00000720                send_ack
 .text          0x0000072c       0x24 UART.o
                0x0000072c                UART_SEND_CHAR
                0x00000734                UART_ERECEIVE_CHAR
                0x0000073c                UART_SEND_STRING
 .text          0x00000750        0x0 c:/winavr-20100110/bin/../lib/gcc/avr/4.3.3/avr5\libgcc.a(_exit.o)
 .text          0x00000750        0x0 c:/winavr-20100110/bin/../lib/gcc/avr/4.3.3/avr5\libgcc.a(_clear_bss.o)
                0x00000750                . = ALIGN (0x2)
 *(.text.*)
 .text.libgcc   0x00000750        0x0 c:/winavr-20100110/bin/../lib/gcc/avr/4.3.3/avr5\libgcc.a(_exit.o)
 .text.libgcc   0x00000750        0x0 c:/winavr-20100110/bin/../lib/gcc/avr/4.3.3/avr5\libgcc.a(_clear_bss.o)
                0x00000750                . = ALIGN (0x2)
 *(.fini9)
 .fini9         0x00000750        0x0 c:/winavr-20100110/bin/../lib/gcc/avr/4.3.3/avr5\libgcc.a(_exit.o)
                0x00000750                exit
                0x00000750                _exit
 *(.fini9)
 *(.fini8)
 *(.fini8)
 *(.fini7)
 *(.fini7)
 *(.fini6)
 *(.fini6)
 *(.fini5)
 *(.fini5)
 *(.fini4)
 *(.fini4)
 *(.fini3)
 *(.fini3)
 *(.fini2)
 *(.fini2)
 *(.fini1)
 *(.fini1)
 *(.fini0)
 .fini0         0x00000750        0x4 c:/winavr-20100110/bin/../lib/gcc/avr/4.3.3/avr5\libgcc.a(_exit.o)
 *(.fini0)
                0x00000754                _etext = .

.data           0x00800060        0x0 load address 0x00000754
                0x00800060                PROVIDE (__data_start, .)
 *(.data)
 .data          0x00800060        0x0 c:/winavr-20100110/bin/../lib/gcc/avr/4.3.3/../../../../avr/lib/avr5/crtm16.o
 .data          0x00800060        0x0 compare.o
 .data          0x00800060        0x0 KEY_PAD.o
 .data          0x00800060        0x0 MAIN.o
 .data          0x00800060        0x0 PEREFERALS_INIT.o
 .data          0x00800060        0x0 SPI.o
 .data          0x00800060        0x0 TWI.o
 .data          0x00800060        0x0 UART.o
 .data          0x00800060        0x0 c:/winavr-20100110/bin/../lib/gcc/avr/4.3.3/avr5\libgcc.a(_exit.o)
 .data          0x00800060        0x0 c:/winavr-20100110/bin/../lib/gcc/avr/4.3.3/avr5\libgcc.a(_clear_bss.o)
 *(.data*)
 *(.rodata)
 *(.rodata*)
 *(.gnu.linkonce.d*)
                0x00800060                . = ALIGN (0x2)
                0x00800060                _edata = .
                0x00800060                PROVIDE (__data_end, .)

.bss            0x00800060        0x2
                0x00800060                PROVIDE (__bss_start, .)
 *(.bss)
 .bss           0x00800060        0x0 c:/winavr-20100110/bin/../lib/gcc/avr/4.3.3/../../../../avr/lib/avr5/crtm16.o
 .bss           0x00800060        0x0 compare.o
 .bss           0x00800060        0x1 KEY_PAD.o
 .bss           0x00800061        0x1 MAIN.o
                0x00800061                flag
 .bss           0x00800062        0x0 PEREFERALS_INIT.o
 .bss           0x00800062        0x0 SPI.o
 .bss           0x00800062        0x0 TWI.o
 .bss           0x00800062        0x0 UART.o
 .bss           0x00800062        0x0 c:/winavr-20100110/bin/../lib/gcc/avr/4.3.3/avr5\libgcc.a(_exit.o)
 .bss           0x00800062        0x0 c:/winavr-20100110/bin/../lib/gcc/avr/4.3.3/avr5\libgcc.a(_clear_bss.o)
 *(.bss*)
 *(COMMON)
                0x00800062                PROVIDE (__bss_end, .)
                0x00000754                __data_load_start = LOADADDR (.data)
                0x00000754                __data_load_end = (__data_load_start + SIZEOF (.data))

.noinit         0x00800062        0x0
                0x00800062                PROVIDE (__noinit_start, .)
 *(.noinit*)
                0x00800062                PROVIDE (__noinit_end, .)
                0x00800062                _end = .
                0x00800062                PROVIDE (__heap_start, .)

.eeprom         0x00810000        0x0
 *(.eeprom*)
                0x00810000                __eeprom_end = .

.fuse
 *(.fuse)
 *(.lfuse)
 *(.hfuse)
 *(.efuse)

.lock
 *(.lock*)

.signature
 *(.signature*)

.stab
 *(.stab)

.stabstr
 *(.stabstr)

.stab.excl
 *(.stab.excl)

.stab.exclstr
 *(.stab.exclstr)

.stab.index
 *(.stab.index)

.stab.indexstr
 *(.stab.indexstr)

.comment
 *(.comment)

.debug
 *(.debug)

.line
 *(.line)

.debug_srcinfo
 *(.debug_srcinfo)

.debug_sfnames
 *(.debug_sfnames)

.debug_aranges  0x00000000       0xe0
 *(.debug_aranges)
 .debug_aranges
                0x00000000       0x20 compare.o
 .debug_aranges
                0x00000020       0x20 KEY_PAD.o
 .debug_aranges
                0x00000040       0x20 MAIN.o
 .debug_aranges
                0x00000060       0x20 PEREFERALS_INIT.o
 .debug_aranges
                0x00000080       0x20 SPI.o
 .debug_aranges
                0x000000a0       0x20 TWI.o
 .debug_aranges
                0x000000c0       0x20 UART.o

.debug_pubnames
                0x00000000      0x15f
 *(.debug_pubnames)
 .debug_pubnames
                0x00000000       0x1e compare.o
 .debug_pubnames
                0x0000001e       0x26 KEY_PAD.o
 .debug_pubnames
                0x00000044       0x24 MAIN.o
 .debug_pubnames
                0x00000068       0x21 PEREFERALS_INIT.o
 .debug_pubnames
                0x00000089       0x26 SPI.o
 .debug_pubnames
                0x000000af       0x5f TWI.o
 .debug_pubnames
                0x0000010e       0x51 UART.o

.debug_info     0x00000000      0x9f9
 *(.debug_info)
 .debug_info    0x00000000      0x446 compare.o
 .debug_info    0x00000446      0x141 KEY_PAD.o
 .debug_info    0x00000587      0x190 MAIN.o
 .debug_info    0x00000717       0x72 PEREFERALS_INIT.o
 .debug_info    0x00000789       0x8b SPI.o
 .debug_info    0x00000814       0xf3 TWI.o
 .debug_info    0x00000907       0xf2 UART.o
 *(.gnu.linkonce.wi.*)

.debug_abbrev   0x00000000      0x4ab
 *(.debug_abbrev)
 .debug_abbrev  0x00000000       0xf2 compare.o
 .debug_abbrev  0x000000f2       0xcc KEY_PAD.o
 .debug_abbrev  0x000001be      0x115 MAIN.o
 .debug_abbrev  0x000002d3       0x3f PEREFERALS_INIT.o
 .debug_abbrev  0x00000312       0x50 SPI.o
 .debug_abbrev  0x00000362       0x8d TWI.o
 .debug_abbrev  0x000003ef       0xbc UART.o

.debug_line     0x00000000      0xdff
 *(.debug_line)
 .debug_line    0x00000000      0x6c6 compare.o
 .debug_line    0x000006c6      0x1fd KEY_PAD.o
 .debug_line    0x000008c3      0x23f MAIN.o
 .debug_line    0x00000b02       0xe6 PEREFERALS_INIT.o
 .debug_line    0x00000be8       0x6a SPI.o
 .debug_line    0x00000c52       0xf2 TWI.o
 .debug_line    0x00000d44       0xbb UART.o

.debug_frame    0x00000000      0x140
 *(.debug_frame)
 .debug_frame   0x00000000       0x20 compare.o
 .debug_frame   0x00000020       0x20 KEY_PAD.o
 .debug_frame   0x00000040       0x20 MAIN.o
 .debug_frame   0x00000060       0x20 PEREFERALS_INIT.o
 .debug_frame   0x00000080       0x20 SPI.o
 .debug_frame   0x000000a0       0x60 TWI.o
 .debug_frame   0x00000100       0x40 UART.o

.debug_str      0x00000000      0x1e1
 *(.debug_str)
 .debug_str     0x00000000       0xc6 compare.o
                                 0xff (size before relaxing)
 .debug_str     0x000000c6       0x32 KEY_PAD.o
                                0x118 (size before relaxing)
 .debug_str     0x000000f8       0x1b MAIN.o
                                0x10a (size before relaxing)
 .debug_str     0x00000113       0x20 PEREFERALS_INIT.o
                                 0xb8 (size before relaxing)
 .debug_str     0x00000133       0x1e SPI.o
                                 0xbb (size before relaxing)
 .debug_str     0x00000151       0x47 TWI.o
                                 0xe4 (size before relaxing)
 .debug_str     0x00000198       0x49 UART.o
                                 0xe6 (size before relaxing)

.debug_loc      0x00000000      0x346
 *(.debug_loc)
 .debug_loc     0x00000000      0x190 compare.o
 .debug_loc     0x00000190      0x128 KEY_PAD.o
 .debug_loc     0x000002b8       0x40 MAIN.o
 .debug_loc     0x000002f8       0x26 TWI.o
 .debug_loc     0x0000031e       0x28 UART.o

.debug_macinfo
 *(.debug_macinfo)
OUTPUT(keypad.elf elf32-avr)
LOAD linker stubs

.debug_ranges   0x00000000       0xa8
 .debug_ranges  0x00000000       0x48 KEY_PAD.o
 .debug_ranges  0x00000048       0x48 MAIN.o
 .debug_ranges  0x00000090       0x18 UART.o
